// Jest Snapshot v1, https://goo.gl/fbAQLP

exports[`Header Test should match sanp shot 1`] = `
ShallowWrapper {
  "length": 1,
  Symbol(enzyme.__root__): [Circular],
  Symbol(enzyme.__unrendered__): <Header
    upDateData={[Function]}
/>,
  Symbol(enzyme.__renderer__): Object {
    "batchedUpdates": [Function],
    "getNode": [Function],
    "render": [Function],
    "simulateEvent": [Function],
    "unmount": [Function],
  },
  Symbol(enzyme.__node__): Object {
    "instance": null,
    "key": undefined,
    "nodeType": "host",
    "props": Object {
      "children": Array [
        <button
          onClick={[Function]}
>
          People
</button>,
        <button
          onClick={[Function]}
>
          Planets
</button>,
        <button
          onClick={[Function]}
>
          Vehicles
</button>,
        <button
          onClick={[Function]}
>
          Favorites 
</button>,
      ],
      "className": "header",
    },
    "ref": null,
    "rendered": Array [
      Object {
        "instance": null,
        "key": undefined,
        "nodeType": "host",
        "props": Object {
          "children": "People",
          "onClick": [Function],
        },
        "ref": null,
        "rendered": "People",
        "type": "button",
      },
      Object {
        "instance": null,
        "key": undefined,
        "nodeType": "host",
        "props": Object {
          "children": "Planets",
          "onClick": [Function],
        },
        "ref": null,
        "rendered": "Planets",
        "type": "button",
      },
      Object {
        "instance": null,
        "key": undefined,
        "nodeType": "host",
        "props": Object {
          "children": "Vehicles",
          "onClick": [Function],
        },
        "ref": null,
        "rendered": "Vehicles",
        "type": "button",
      },
      Object {
        "instance": null,
        "key": undefined,
        "nodeType": "host",
        "props": Object {
          "children": Array [
            "Favorites ",
            undefined,
          ],
          "onClick": [Function],
        },
        "ref": null,
        "rendered": Array [
          "Favorites ",
          undefined,
        ],
        "type": "button",
      },
    ],
    "type": "div",
  },
  Symbol(enzyme.__nodes__): Array [
    Object {
      "instance": null,
      "key": undefined,
      "nodeType": "host",
      "props": Object {
        "children": Array [
          <button
            onClick={[Function]}
>
            People
</button>,
          <button
            onClick={[Function]}
>
            Planets
</button>,
          <button
            onClick={[Function]}
>
            Vehicles
</button>,
          <button
            onClick={[Function]}
>
            Favorites 
</button>,
        ],
        "className": "header",
      },
      "ref": null,
      "rendered": Array [
        Object {
          "instance": null,
          "key": undefined,
          "nodeType": "host",
          "props": Object {
            "children": "People",
            "onClick": [Function],
          },
          "ref": null,
          "rendered": "People",
          "type": "button",
        },
        Object {
          "instance": null,
          "key": undefined,
          "nodeType": "host",
          "props": Object {
            "children": "Planets",
            "onClick": [Function],
          },
          "ref": null,
          "rendered": "Planets",
          "type": "button",
        },
        Object {
          "instance": null,
          "key": undefined,
          "nodeType": "host",
          "props": Object {
            "children": "Vehicles",
            "onClick": [Function],
          },
          "ref": null,
          "rendered": "Vehicles",
          "type": "button",
        },
        Object {
          "instance": null,
          "key": undefined,
          "nodeType": "host",
          "props": Object {
            "children": Array [
              "Favorites ",
              undefined,
            ],
            "onClick": [Function],
          },
          "ref": null,
          "rendered": Array [
            "Favorites ",
            undefined,
          ],
          "type": "button",
        },
      ],
      "type": "div",
    },
  ],
  Symbol(enzyme.__options__): Object {
    "adapter": ReactSixteenAdapter {
      "options": Object {
        "enableComponentDidUpdateOnSetState": true,
      },
    },
    "disableLifecycleMethods": true,
  },
}
`;
